[debug] [2026-09-13T13:23:50.871Z] ----------------------------------------------------------------------
[debug] [2026-09-13T13:23:50.881Z] Command:       C:\Program Files\nodejs\node.exe C:\Users\MD. Shimul\AppData\Roaming\npm\node_modules\firebase-tools\lib\bin\firebase.js init
[debug] [2026-09-13T13:23:50.882Z] CLI Version:   15.30.0
[debug] [2026-09-13T13:23:50.883Z] Platform:      win32
[debug] [2026-09-13T13:23:50.883Z] Node Version:  v24.20.0
[debug] [2026-09-13T13:23:50.884Z] Detected Agent: unknown
[debug] [2026-09-13T13:23:50.886Z] Time:          Sun Sep 13 2026 19:23:50 GMT+0600 (Bangladesh Standard Time)
[debug] [2026-09-13T13:23:50.886Z] ----------------------------------------------------------------------
[debug] 
[debug] [2026-09-13T13:23:50.961Z] >>> [apiv2][query] GET https://firebase-public.firebaseio.com/cli.json [none]
[info] 
     ######## #### ########  ######## ########     ###     ######  ########
     ##        ##  ##     ## ##       ##     ##  ##   ##  ##       ##
     ######    ##  ########  ######   ########  #########  ######  ######
     ##        ##  ##    ##  ##       ##     ## ##     ##       ## ##
     ##       #### ##     ## ######## ########  ##     ##  ######  ########

You're about to initialize a Firebase project in this directory:

  C:\Users\MD. Shimul\Desktop\Allfolder\Ostad

[debug] [2026-09-13T13:23:56.196Z] <<< [apiv2][status] GET https://firebase-public.firebaseio.com/cli.json 200
[debug] [2026-09-13T13:23:56.197Z] <<< [apiv2][body] GET https://firebase-public.firebaseio.com/cli.json {"cloudBuildErrorAfter":1594252800000,"cloudBuildWarnAfter":1590019200000,"defaultNode10After":1594252800000,"minVersion":"3.0.5","node8DeploysDisabledAfter":1613390400000,"node8RuntimeDisabledAfter":1615809600000,"node8WarnAfter":1600128000000}
[info] 
=== Project Setup
[info] 
[info] First, let's associate this project directory with a Firebase project.
[info] You can create multiple project aliases by running firebase use --add, 
[info] 
[debug] [2026-09-13T13:24:19.230Z] > command requires scopes: ["email","openid","https://www.googleapis.com/auth/cloudplatformprojects.readonly","https://www.googleapis.com/auth/firebase","https://www.googleapis.com/auth/cloud-platform"]
[debug] [2026-09-13T13:24:19.230Z] > authorizing via signed-in user (md.shimuldiu@gmail.com)
[debug] [2026-09-13T13:24:19.232Z] Checked if tokens are valid: false, expires at: 1788813287365
[debug] [2026-09-13T13:24:19.232Z] Checked if tokens are valid: false, expires at: 1788813287365
[debug] [2026-09-13T13:24:19.233Z] > refreshing access token with scopes: []
[debug] [2026-09-13T13:24:19.235Z] >>> [apiv2][query] POST https://www.googleapis.com/oauth2/v3/token [none]
[debug] [2026-09-13T13:24:19.236Z] >>> [apiv2][body] POST https://www.googleapis.com/oauth2/v3/token [omitted]
[debug] [2026-09-13T13:24:20.708Z] <<< [apiv2][status] POST https://www.googleapis.com/oauth2/v3/token 200
[debug] [2026-09-13T13:24:20.708Z] <<< [apiv2][body] POST https://www.googleapis.com/oauth2/v3/token [omitted]
[debug] [2026-09-13T13:24:20.735Z] >>> [apiv2][query] GET https://firebase.googleapis.com/v1beta1/projects pageSize=100
[debug] [2026-09-13T13:24:31.057Z] <<< [apiv2][status] GET https://firebase.googleapis.com/v1beta1/projects 200
[debug] [2026-09-13T13:24:31.058Z] <<< [apiv2][body] GET https://firebase.googleapis.com/v1beta1/projects [omitted]
[debug] [2026-09-13T13:24:45.863Z] ExitPromptError: User force closed the prompt with SIGINT
    at Interface.sigint (C:\Users\MD. Shimul\AppData\Roaming\npm\node_modules\firebase-tools\node_modules\@inquirer\core\dist\commonjs\lib\create-prompt.js:101:37)
    at Interface.emit (node:events:514:28)
    at [_ttyWrite] [as _ttyWrite] (node:internal/readline/interface:1343:18)
    at ReadStream.onkeypress (node:internal/readline/interface:289:20)
    at ReadStream.emit (node:events:526:24)
    at emitKeys (node:internal/readline/utils:371:14)
    at emitKeys.next (<anonymous>)
    at ReadStream.onData (node:internal/readline/emitKeypressEvents:64:36)
    at ReadStream.emit (node:events:514:28)
    at addChunk (node:internal/streams/readable:567:12)
[error] 
[error] Error: An unexpected error has occurred.
[debug] [2026-09-13T13:24:50.554Z] ----------------------------------------------------------------------
[debug] [2026-09-13T13:24:50.561Z] Command:       C:\Program Files\nodejs\node.exe C:\Users\MD. Shimul\AppData\Roaming\npm\node_modules\firebase-tools\lib\bin\firebase.js init
[debug] [2026-09-13T13:24:50.562Z] CLI Version:   15.30.0
[debug] [2026-09-13T13:24:50.562Z] Platform:      win32
[debug] [2026-09-13T13:24:50.562Z] Node Version:  v24.20.0
[debug] [2026-09-13T13:24:50.563Z] Detected Agent: unknown
[debug] [2026-09-13T13:24:50.563Z] Time:          Sun Sep 13 2026 19:24:50 GMT+0600 (Bangladesh Standard Time)
[debug] [2026-09-13T13:24:50.563Z] ----------------------------------------------------------------------
[debug] 
[info] 
     ######## #### ########  ######## ########     ###     ######  ########
     ##        ##  ##     ## ##       ##     ##  ##   ##  ##       ##
     ######    ##  ########  ######   ########  #########  ######  ######
     ##        ##  ##    ##  ##       ##     ## ##     ##       ## ##
     ##       #### ##     ## ######## ########  ##     ##  ######  ########

You're about to initialize a Firebase project in this directory:

  C:\Users\MD. Shimul\Desktop\Allfolder\Ostad

[info] 
=== Project Setup
[info] 
[info] First, let's associate this project directory with a Firebase project.
[info] You can create multiple project aliases by running firebase use --add, 
[info] 
[info] i  If you want to create a project in a Google Cloud organization or folder, please use "firebase projects:create" instead, and return to this command when you've created the project. 
[debug] [2026-09-13T13:25:01.741Z] > command requires scopes: ["email","openid","https://www.googleapis.com/auth/cloudplatformprojects.readonly","https://www.googleapis.com/auth/firebase","https://www.googleapis.com/auth/cloud-platform"]
[debug] [2026-09-13T13:25:01.742Z] > authorizing via signed-in user (md.shimuldiu@gmail.com)
[debug] [2026-09-13T13:25:34.500Z] Checked if tokens are valid: true, expires at: 1789309459709
[debug] [2026-09-13T13:25:34.500Z] Checked if tokens are valid: true, expires at: 1789309459709
[debug] [2026-09-13T13:25:34.505Z] >>> [apiv2][query] POST https://firebase.googleapis.com/v1/projects:checkProjectId [none]
[debug] [2026-09-13T13:25:34.505Z] >>> [apiv2][body] POST https://firebase.googleapis.com/v1/projects:checkProjectId {"proposedId":"Student_register"}
[debug] [2026-09-13T13:25:38.263Z] <<< [apiv2][status] POST https://firebase.googleapis.com/v1/projects:checkProjectId 400
[debug] [2026-09-13T13:25:38.263Z] <<< [apiv2][body] POST https://firebase.googleapis.com/v1/projects:checkProjectId {"error":{"code":400,"message":"Request contains an invalid argument.","status":"INVALID_ARGUMENT"}}
[debug] [2026-09-13T13:25:38.265Z] Couldn't check if project ID Student_register is available. Original error: FirebaseError: Failed to check if project ID is available. See firebase-debug.log for more info.
[debug] [2026-09-13T13:25:41.818Z] Checked if tokens are valid: true, expires at: 1789309459709
[debug] [2026-09-13T13:25:41.818Z] Checked if tokens are valid: true, expires at: 1789309459709
[debug] [2026-09-13T13:25:41.819Z] >>> [apiv2][query] POST https://cloudresourcemanager.googleapis.com/v1/projects [none]
[debug] [2026-09-13T13:25:41.819Z] >>> [apiv2][body] POST https://cloudresourcemanager.googleapis.com/v1/projects {"projectId":"Student_register","name":"Student_register"}
[debug] [2026-09-13T13:25:45.404Z] <<< [apiv2][status] POST https://cloudresourcemanager.googleapis.com/v1/projects 400
[debug] [2026-09-13T13:25:45.404Z] <<< [apiv2][body] POST https://cloudresourcemanager.googleapis.com/v1/projects {"error":{"code":400,"message":"Request contains an invalid argument.","status":"INVALID_ARGUMENT","details":[{"@type":"type.googleapis.com/google.rpc.BadRequest","fieldViolations":[{"field":"project_id","description":"project_id contains invalid characters"},{"field":"display_name","description":"project display name contains invalid characters"}]},{"@type":"type.googleapis.com/google.rpc.Help","links":[{"url":"https://cloud.google.com/resource-manager/reference/rest/v1/projects"}]}]}}
[debug] [2026-09-13T13:25:45.411Z] FirebaseError: Request to https://cloudresourcemanager.googleapis.com/v1/projects had HTTP Error: 400, Request contains an invalid argument.
    at responseToError (C:\Users\MD. Shimul\AppData\Roaming\npm\node_modules\firebase-tools\lib\responseToError.js:53:12)
    at RetryOperation._fn (C:\Users\MD. Shimul\AppData\Roaming\npm\node_modules\firebase-tools\lib\apiv2.js:415:77)
    at process.processTicksAndRejections (node:internal/process/task_queues:104:5)
[error] 
[error] Error: Failed to create project. See firebase-debug.log for more info.
